Loaded configuration: DB_HOST=127.0.0.1, DB_PORT=3306
============================= test session starts =============================
platform win32 -- Python 3.13.1, pytest-8.3.3, pluggy-1.6.0 -- D:\Code\KY\.venv\Scripts\python.exe
cachedir: .pytest_cache
rootdir: D:\Code\KY\backend
configfile: pytest.ini
plugins: anyio-4.12.1, asyncio-0.24.0, cov-4.1.0
asyncio: mode=Mode.AUTO, default_loop_scope=session
collecting ... collected 1 item

tests/routes/test_chat.py::test_create_session {"event": "Global exception: (builtins.AttributeError) type object 'datetime.datetime' has no attribute 'UTC'\n[SQL: INSERT INTO chat_sessions (id, user_id, title, created_at, updated_at) VALUES (?, ?, ?, ?, ?)]\n[parameters: [{'title': 'Test Session', 'user_id': 1, 'id': '542c8a64-753d-4369-9259-b7e38a988c51'}]]", "logger": "app", "level": "error", "timestamp": "2026-02-25T08:02:22.240969Z", "app": "chatbi-agent", "environment": "production", "exception": "Traceback (most recent call last):\n  File \"D:\\Code\\KY\\.venv\\Lib\\site-packages\\sqlalchemy\\engine\\base.py\", line 1815, in _execute_context\n    context = constructor(\n        dialect, self, conn, execution_options, *args, **kw\n    )\n  File \"D:\\Code\\KY\\.venv\\Lib\\site-packages\\sqlalchemy\\engine\\default.py\", line 1421, in _init_compiled\n    self._process_execute_defaults()\n    ~~~~~~~~~~~~~~~~~~~~~~~~~~~~~~^^\n  File \"D:\\Code\\KY\\.venv\\Lib\\site-packages\\sqlalchemy\\engine\\default.py\", line 2356, in _process_execute_defaults\n    param[param_key] = arg(self)\n                       ~~~^^^^^^\n  File \"D:\\Code\\KY\\.venv\\Lib\\site-packages\\sqlalchemy\\sql\\schema.py\", line 3602, in <lambda>\n    return util.wrap_callable(lambda ctx: fn(), fn)  # type: ignore\n                                          ~~^^\n  File \"D:\\Code\\KY\\backend\\models\\chat.py\", line 15, in utcnow\n    return datetime.now(datetime.UTC).replace(tzinfo=None)\n                        ^^^^^^^^^^^^\nAttributeError: type object 'datetime.datetime' has no attribute 'UTC'\n\nThe above exception was the direct cause of the following exception:\n\nTraceback (most recent call last):\n  File \"D:\\Code\\KY\\.venv\\Lib\\site-packages\\starlette\\middleware\\errors.py\", line 165, in __call__\n    await self.app(scope, receive, _send)\n  File \"D:\\Code\\KY\\.venv\\Lib\\site-packages\\starlette\\middleware\\cors.py\", line 85, in __call__\n    await self.app(scope, receive, send)\n  File \"D:\\Code\\KY\\.venv\\Lib\\site-packages\\starlette\\middleware\\exceptions.py\", line 62, in __call__\n    await wrap_app_handling_exceptions(self.app, conn)(scope, receive, send)\n  File \"D:\\Code\\KY\\.venv\\Lib\\site-packages\\starlette\\_exception_handler.py\", line 62, in wrapped_app\n    raise exc\n  File \"D:\\Code\\KY\\.venv\\Lib\\site-packages\\starlette\\_exception_handler.py\", line 51, in wrapped_app\n    await app(scope, receive, sender)\n  File \"D:\\Code\\KY\\.venv\\Lib\\site-packages\\starlette\\routing.py\", line 715, in __call__\n    await self.middleware_stack(scope, receive, send)\n  File \"D:\\Code\\KY\\.venv\\Lib\\site-packages\\starlette\\routing.py\", line 735, in app\n    await route.handle(scope, receive, send)\n  File \"D:\\Code\\KY\\.venv\\Lib\\site-packages\\starlette\\routing.py\", line 288, in handle\n    await self.app(scope, receive, send)\n  File \"D:\\Code\\KY\\.venv\\Lib\\site-packages\\starlette\\routing.py\", line 76, in app\n    await wrap_app_handling_exceptions(app, request)(scope, receive, send)\n  File \"D:\\Code\\KY\\.venv\\Lib\\site-packages\\starlette\\_exception_handler.py\", line 62, in wrapped_app\n    raise exc\n  File \"D:\\Code\\KY\\.venv\\Lib\\site-packages\\starlette\\_exception_handler.py\", line 51, in wrapped_app\n    await app(scope, receive, sender)\n  File \"D:\\Code\\KY\\.venv\\Lib\\site-packages\\starlette\\routing.py\", line 73, in app\n    response = await f(request)\n               ^^^^^^^^^^^^^^^^\n  File \"D:\\Code\\KY\\.venv\\Lib\\site-packages\\fastapi\\routing.py\", line 301, in app\n    raw_response = await run_endpoint_function(\n                   ^^^^^^^^^^^^^^^^^^^^^^^^^^^^\n    ...<3 lines>...\n    )\n    ^\n  File \"D:\\Code\\KY\\.venv\\Lib\\site-packages\\fastapi\\routing.py\", line 212, in run_endpoint_function\n    return await dependant.call(**values)\n           ^^^^^^^^^^^^^^^^^^^^^^^^^^^^^^\n  File \"D:\\Code\\KY\\backend\\routes\\chat.py\", line 145, in create_session\n    await db.commit()\n  File \"D:\\Code\\KY\\.venv\\Lib\\site-packages\\sqlalchemy\\ext\\asyncio\\session.py\", line 1009, in commit\n    await greenlet_spawn(self.sync_session.commit)\n  File \"D:\\Code\\KY\\.venv\\Lib\\site-packages\\sqlalchemy\\util\\_concurrency_py3k.py\", line 203, in greenlet_spawn\n    result = context.switch(value)\n  File \"D:\\Code\\KY\\.venv\\Lib\\site-packages\\sqlalchemy\\orm\\session.py\", line 2028, in commit\n    trans.commit(_to_root=True)\n    ~~~~~~~~~~~~^^^^^^^^^^^^^^^\n  File \"<string>\", line 2, in commit\n  File \"D:\\Code\\KY\\.venv\\Lib\\site-packages\\sqlalchemy\\orm\\state_changes.py\", line 139, in _go\n    ret_value = fn(self, *arg, **kw)\n  File \"D:\\Code\\KY\\.venv\\Lib\\site-packages\\sqlalchemy\\orm\\session.py\", line 1313, in commit\n    self._prepare_impl()\n    ~~~~~~~~~~~~~~~~~~^^\n  File \"<string>\", line 2, in _prepare_impl\n  File \"D:\\Code\\KY\\.venv\\Lib\\site-packages\\sqlalchemy\\orm\\state_changes.py\", line 139, in _go\n    ret_value = fn(self, *arg, **kw)\n  File \"D:\\Code\\KY\\.venv\\Lib\\site-packages\\sqlalchemy\\orm\\session.py\", line 1288, in _prepare_impl\n    self.session.flush()\n    ~~~~~~~~~~~~~~~~~~^^\n  File \"D:\\Code\\KY\\.venv\\Lib\\site-packages\\sqlalchemy\\orm\\session.py\", line 4352, in flush\n    self._flush(objects)\n    ~~~~~~~~~~~^^^^^^^^^\n  File \"D:\\Code\\KY\\.venv\\Lib\\site-packages\\sqlalchemy\\orm\\session.py\", line 4487, in _flush\n    with util.safe_reraise():\n         ~~~~~~~~~~~~~~~~~^^\n  File \"D:\\Code\\KY\\.venv\\Lib\\site-packages\\sqlalchemy\\util\\langhelpers.py\", line 146, in __exit__\n    raise exc_value.with_traceback(exc_tb)\n  File \"D:\\Code\\KY\\.venv\\Lib\\site-packages\\sqlalchemy\\orm\\session.py\", line 4448, in _flush\n    flush_context.execute()\n    ~~~~~~~~~~~~~~~~~~~~~^^\n  File \"D:\\Code\\KY\\.venv\\Lib\\site-packages\\sqlalchemy\\orm\\unitofwork.py\", line 466, in execute\n    rec.execute(self)\n    ~~~~~~~~~~~^^^^^^\n  File \"D:\\Code\\KY\\.venv\\Lib\\site-packages\\sqlalchemy\\orm\\unitofwork.py\", line 642, in execute\n    util.preloaded.orm_persistence.save_obj(\n    ~~~~~~~~~~~~~~~~~~~~~~~~~~~~~~~~~~~~~~~^\n        self.mapper,\n        ^^^^^^^^^^^^\n        uow.states_for_mapper_hierarchy(self.mapper, False, False),\n        ^^^^^^^^^^^^^^^^^^^^^^^^^^^^^^^^^^^^^^^^^^^^^^^^^^^^^^^^^^^\n        uow,\n        ^^^^\n    )\n    ^\n  File \"D:\\Code\\KY\\.venv\\Lib\\site-packages\\sqlalchemy\\orm\\persistence.py\", line 93, in save_obj\n    _emit_insert_statements(\n    ~~~~~~~~~~~~~~~~~~~~~~~^\n        base_mapper,\n        ^^^^^^^^^^^^\n    ...<3 lines>...\n        insert,\n        ^^^^^^^\n    )\n    ^\n  File \"D:\\Code\\KY\\.venv\\Lib\\site-packages\\sqlalchemy\\orm\\persistence.py\", line 1048, in _emit_insert_statements\n    result = connection.execute(\n        statement, multiparams, execution_options=execution_options\n    )\n  File \"D:\\Code\\KY\\.venv\\Lib\\site-packages\\sqlalchemy\\engine\\base.py\", line 1418, in execute\n    return meth(\n        self,\n        distilled_parameters,\n        execution_options or NO_OPTIONS,\n    )\n  File \"D:\\Code\\KY\\.venv\\Lib\\site-packages\\sqlalchemy\\sql\\elements.py\", line 515, in _execute_on_connection\n    return connection._execute_clauseelement(\n           ~~~~~~~~~~~~~~~~~~~~~~~~~~~~~~~~~^\n        self, distilled_params, execution_options\n        ^^^^^^^^^^^^^^^^^^^^^^^^^^^^^^^^^^^^^^^^^\n    )\n    ^\n  File \"D:\\Code\\KY\\.venv\\Lib\\site-packages\\sqlalchemy\\engine\\base.py\", line 1640, in _execute_clauseelement\n    ret = self._execute_context(\n        dialect,\n    ...<8 lines>...\n        cache_hit=cache_hit,\n    )\n  File \"D:\\Code\\KY\\.venv\\Lib\\site-packages\\sqlalchemy\\engine\\base.py\", line 1821, in _execute_context\n    self._handle_dbapi_exception(\n    ~~~~~~~~~~~~~~~~~~~~~~~~~~~~^\n        e, str(statement), parameters, None, None\n        ^^^^^^^^^^^^^^^^^^^^^^^^^^^^^^^^^^^^^^^^^\n    )\n    ^\n  File \"D:\\Code\\KY\\.venv\\Lib\\site-packages\\sqlalchemy\\engine\\base.py\", line 2355, in _handle_dbapi_exception\n    raise sqlalchemy_exception.with_traceback(exc_info[2]) from e\n  File \"D:\\Code\\KY\\.venv\\Lib\\site-packages\\sqlalchemy\\engine\\base.py\", line 1815, in _execute_context\n    context = constructor(\n        dialect, self, conn, execution_options, *args, **kw\n    )\n  File \"D:\\Code\\KY\\.venv\\Lib\\site-packages\\sqlalchemy\\engine\\default.py\", line 1421, in _init_compiled\n    self._process_execute_defaults()\n    ~~~~~~~~~~~~~~~~~~~~~~~~~~~~~~^^\n  File \"D:\\Code\\KY\\.venv\\Lib\\site-packages\\sqlalchemy\\engine\\default.py\", line 2356, in _process_execute_defaults\n    param[param_key] = arg(self)\n                       ~~~^^^^^^\n  File \"D:\\Code\\KY\\.venv\\Lib\\site-packages\\sqlalchemy\\sql\\schema.py\", line 3602, in <lambda>\n    return util.wrap_callable(lambda ctx: fn(), fn)  # type: ignore\n                                          ~~^^\n  File \"D:\\Code\\KY\\backend\\models\\chat.py\", line 15, in utcnow\n    return datetime.now(datetime.UTC).replace(tzinfo=None)\n                        ^^^^^^^^^^^^\nsqlalchemy.exc.StatementError: (builtins.AttributeError) type object 'datetime.datetime' has no attribute 'UTC'\n[SQL: INSERT INTO chat_sessions (id, user_id, title, created_at, updated_at) VALUES (?, ?, ?, ?, ?)]\n[parameters: [{'title': 'Test Session', 'user_id': 1, 'id': '542c8a64-753d-4369-9259-b7e38a988c51'}]]"}
HTTP Request: POST http://test/chat/sessions "HTTP/1.1 500 Internal Server Error"
Error response: {"detail":"Global Processing Error","message":"(builtins.AttributeError) type object 'datetime.datetime' has no attribute 'UTC'\n[SQL: INSERT INTO chat_sessions (id, user_id, title, created_at, updated_at) VALUES (?, ?, ?, ?, ?)]\n[parameters: [{'title': 'Test Session', 'user_id': 1, 'id': '542c8a64-753d-4369-9259-b7e38a988c51'}]]"}
FAILED

================================== FAILURES ===================================
_____________________________ test_create_session _____________________________
tests\routes\test_chat.py:14: in test_create_session
    assert response.status_code == 201
E   assert 500 == 201
E    +  where 500 = <Response [500 Internal Server Error]>.status_code
------------------------------ Captured log call ------------------------------
ERROR    app:app.py:138 {"event": "Global exception: (builtins.AttributeError) type object 'datetime.datetime' has no attribute 'UTC'\n[SQL: INSERT INTO chat_sessions (id, user_id, title, created_at, updated_at) VALUES (?, ?, ?, ?, ?)]\n[parameters: [{'title': 'Test Session', 'user_id': 1, 'id': '542c8a64-753d-4369-9259-b7e38a988c51'}]]", "logger": "app", "level": "error", "timestamp": "2026-02-25T08:02:22.240969Z", "app": "chatbi-agent", "environment": "production", "exception": "Traceback (most recent call last):\n  File \"D:\\Code\\KY\\.venv\\Lib\\site-packages\\sqlalchemy\\engine\\base.py\", line 1815, in _execute_context\n    context = constructor(\n        dialect, self, conn, execution_options, *args, **kw\n    )\n  File \"D:\\Code\\KY\\.venv\\Lib\\site-packages\\sqlalchemy\\engine\\default.py\", line 1421, in _init_compiled\n    self._process_execute_defaults()\n    ~~~~~~~~~~~~~~~~~~~~~~~~~~~~~~^^\n  File \"D:\\Code\\KY\\.venv\\Lib\\site-packages\\sqlalchemy\\engine\\default.py\", line 2356, in _process_execute_defaults\n    param[param_key] = arg(self)\n                       ~~~^^^^^^\n  File \"D:\\Code\\KY\\.venv\\Lib\\site-packages\\sqlalchemy\\sql\\schema.py\", line 3602, in <lambda>\n    return util.wrap_callable(lambda ctx: fn(), fn)  # type: ignore\n                                          ~~^^\n  File \"D:\\Code\\KY\\backend\\models\\chat.py\", line 15, in utcnow\n    return datetime.now(datetime.UTC).replace(tzinfo=None)\n                        ^^^^^^^^^^^^\nAttributeError: type object 'datetime.datetime' has no attribute 'UTC'\n\nThe above exception was the direct cause of the following exception:\n\nTraceback (most recent call last):\n  File \"D:\\Code\\KY\\.venv\\Lib\\site-packages\\starlette\\middleware\\errors.py\", line 165, in __call__\n    await self.app(scope, receive, _send)\n  File \"D:\\Code\\KY\\.venv\\Lib\\site-packages\\starlette\\middleware\\cors.py\", line 85, in __call__\n    await self.app(scope, receive, send)\n  File \"D:\\Code\\KY\\.venv\\Lib\\site-packages\\starlette\\middleware\\exceptions.py\", line 62, in __call__\n    await wrap_app_handling_exceptions(self.app, conn)(scope, receive, send)\n  File \"D:\\Code\\KY\\.venv\\Lib\\site-packages\\starlette\\_exception_handler.py\", line 62, in wrapped_app\n    raise exc\n  File \"D:\\Code\\KY\\.venv\\Lib\\site-packages\\starlette\\_exception_handler.py\", line 51, in wrapped_app\n    await app(scope, receive, sender)\n  File \"D:\\Code\\KY\\.venv\\Lib\\site-packages\\starlette\\routing.py\", line 715, in __call__\n    await self.middleware_stack(scope, receive, send)\n  File \"D:\\Code\\KY\\.venv\\Lib\\site-packages\\starlette\\routing.py\", line 735, in app\n    await route.handle(scope, receive, send)\n  File \"D:\\Code\\KY\\.venv\\Lib\\site-packages\\starlette\\routing.py\", line 288, in handle\n    await self.app(scope, receive, send)\n  File \"D:\\Code\\KY\\.venv\\Lib\\site-packages\\starlette\\routing.py\", line 76, in app\n    await wrap_app_handling_exceptions(app, request)(scope, receive, send)\n  File \"D:\\Code\\KY\\.venv\\Lib\\site-packages\\starlette\\_exception_handler.py\", line 62, in wrapped_app\n    raise exc\n  File \"D:\\Code\\KY\\.venv\\Lib\\site-packages\\starlette\\_exception_handler.py\", line 51, in wrapped_app\n    await app(scope, receive, sender)\n  File \"D:\\Code\\KY\\.venv\\Lib\\site-packages\\starlette\\routing.py\", line 73, in app\n    response = await f(request)\n               ^^^^^^^^^^^^^^^^\n  File \"D:\\Code\\KY\\.venv\\Lib\\site-packages\\fastapi\\routing.py\", line 301, in app\n    raw_response = await run_endpoint_function(\n                   ^^^^^^^^^^^^^^^^^^^^^^^^^^^^\n    ...<3 lines>...\n    )\n    ^\n  File \"D:\\Code\\KY\\.venv\\Lib\\site-packages\\fastapi\\routing.py\", line 212, in run_endpoint_function\n    return await dependant.call(**values)\n           ^^^^^^^^^^^^^^^^^^^^^^^^^^^^^^\n  File \"D:\\Code\\KY\\backend\\routes\\chat.py\", line 145, in create_session\n    await db.commit()\n  File \"D:\\Code\\KY\\.venv\\Lib\\site-packages\\sqlalchemy\\ext\\asyncio\\session.py\", line 1009, in commit\n    await greenlet_spawn(self.sync_session.commit)\n  File \"D:\\Code\\KY\\.venv\\Lib\\site-packages\\sqlalchemy\\util\\_concurrency_py3k.py\", line 203, in greenlet_spawn\n    result = context.switch(value)\n  File \"D:\\Code\\KY\\.venv\\Lib\\site-packages\\sqlalchemy\\orm\\session.py\", line 2028, in commit\n    trans.commit(_to_root=True)\n    ~~~~~~~~~~~~^^^^^^^^^^^^^^^\n  File \"<string>\", line 2, in commit\n  File \"D:\\Code\\KY\\.venv\\Lib\\site-packages\\sqlalchemy\\orm\\state_changes.py\", line 139, in _go\n    ret_value = fn(self, *arg, **kw)\n  File \"D:\\Code\\KY\\.venv\\Lib\\site-packages\\sqlalchemy\\orm\\session.py\", line 1313, in commit\n    self._prepare_impl()\n    ~~~~~~~~~~~~~~~~~~^^\n  File \"<string>\", line 2, in _prepare_impl\n  File \"D:\\Code\\KY\\.venv\\Lib\\site-packages\\sqlalchemy\\orm\\state_changes.py\", line 139, in _go\n    ret_value = fn(self, *arg, **kw)\n  File \"D:\\Code\\KY\\.venv\\Lib\\site-packages\\sqlalchemy\\orm\\session.py\", line 1288, in _prepare_impl\n    self.session.flush()\n    ~~~~~~~~~~~~~~~~~~^^\n  File \"D:\\Code\\KY\\.venv\\Lib\\site-packages\\sqlalchemy\\orm\\session.py\", line 4352, in flush\n    self._flush(objects)\n    ~~~~~~~~~~~^^^^^^^^^\n  File \"D:\\Code\\KY\\.venv\\Lib\\site-packages\\sqlalchemy\\orm\\session.py\", line 4487, in _flush\n    with util.safe_reraise():\n         ~~~~~~~~~~~~~~~~~^^\n  File \"D:\\Code\\KY\\.venv\\Lib\\site-packages\\sqlalchemy\\util\\langhelpers.py\", line 146, in __exit__\n    raise exc_value.with_traceback(exc_tb)\n  File \"D:\\Code\\KY\\.venv\\Lib\\site-packages\\sqlalchemy\\orm\\session.py\", line 4448, in _flush\n    flush_context.execute()\n    ~~~~~~~~~~~~~~~~~~~~~^^\n  File \"D:\\Code\\KY\\.venv\\Lib\\site-packages\\sqlalchemy\\orm\\unitofwork.py\", line 466, in execute\n    rec.execute(self)\n    ~~~~~~~~~~~^^^^^^\n  File \"D:\\Code\\KY\\.venv\\Lib\\site-packages\\sqlalchemy\\orm\\unitofwork.py\", line 642, in execute\n    util.preloaded.orm_persistence.save_obj(\n    ~~~~~~~~~~~~~~~~~~~~~~~~~~~~~~~~~~~~~~~^\n        self.mapper,\n        ^^^^^^^^^^^^\n        uow.states_for_mapper_hierarchy(self.mapper, False, False),\n        ^^^^^^^^^^^^^^^^^^^^^^^^^^^^^^^^^^^^^^^^^^^^^^^^^^^^^^^^^^^\n        uow,\n        ^^^^\n    )\n    ^\n  File \"D:\\Code\\KY\\.venv\\Lib\\site-packages\\sqlalchemy\\orm\\persistence.py\", line 93, in save_obj\n    _emit_insert_statements(\n    ~~~~~~~~~~~~~~~~~~~~~~~^\n        base_mapper,\n        ^^^^^^^^^^^^\n    ...<3 lines>...\n        insert,\n        ^^^^^^^\n    )\n    ^\n  File \"D:\\Code\\KY\\.venv\\Lib\\site-packages\\sqlalchemy\\orm\\persistence.py\", line 1048, in _emit_insert_statements\n    result = connection.execute(\n        statement, multiparams, execution_options=execution_options\n    )\n  File \"D:\\Code\\KY\\.venv\\Lib\\site-packages\\sqlalchemy\\engine\\base.py\", line 1418, in execute\n    return meth(\n        self,\n        distilled_parameters,\n        execution_options or NO_OPTIONS,\n    )\n  File \"D:\\Code\\KY\\.venv\\Lib\\site-packages\\sqlalchemy\\sql\\elements.py\", line 515, in _execute_on_connection\n    return connection._execute_clauseelement(\n           ~~~~~~~~~~~~~~~~~~~~~~~~~~~~~~~~~^\n        self, distilled_params, execution_options\n        ^^^^^^^^^^^^^^^^^^^^^^^^^^^^^^^^^^^^^^^^^\n    )\n    ^\n  File \"D:\\Code\\KY\\.venv\\Lib\\site-packages\\sqlalchemy\\engine\\base.py\", line 1640, in _execute_clauseelement\n    ret = self._execute_context(\n        dialect,\n    ...<8 lines>...\n        cache_hit=cache_hit,\n    )\n  File \"D:\\Code\\KY\\.venv\\Lib\\site-packages\\sqlalchemy\\engine\\base.py\", line 1821, in _execute_context\n    self._handle_dbapi_exception(\n    ~~~~~~~~~~~~~~~~~~~~~~~~~~~~^\n        e, str(statement), parameters, None, None\n        ^^^^^^^^^^^^^^^^^^^^^^^^^^^^^^^^^^^^^^^^^\n    )\n    ^\n  File \"D:\\Code\\KY\\.venv\\Lib\\site-packages\\sqlalchemy\\engine\\base.py\", line 2355, in _handle_dbapi_exception\n    raise sqlalchemy_exception.with_traceback(exc_info[2]) from e\n  File \"D:\\Code\\KY\\.venv\\Lib\\site-packages\\sqlalchemy\\engine\\base.py\", line 1815, in _execute_context\n    context = constructor(\n        dialect, self, conn, execution_options, *args, **kw\n    )\n  File \"D:\\Code\\KY\\.venv\\Lib\\site-packages\\sqlalchemy\\engine\\default.py\", line 1421, in _init_compiled\n    self._process_execute_defaults()\n    ~~~~~~~~~~~~~~~~~~~~~~~~~~~~~~^^\n  File \"D:\\Code\\KY\\.venv\\Lib\\site-packages\\sqlalchemy\\engine\\default.py\", line 2356, in _process_execute_defaults\n    param[param_key] = arg(self)\n                       ~~~^^^^^^\n  File \"D:\\Code\\KY\\.venv\\Lib\\site-packages\\sqlalchemy\\sql\\schema.py\", line 3602, in <lambda>\n    return util.wrap_callable(lambda ctx: fn(), fn)  # type: ignore\n                                          ~~^^\n  File \"D:\\Code\\KY\\backend\\models\\chat.py\", line 15, in utcnow\n    return datetime.now(datetime.UTC).replace(tzinfo=None)\n                        ^^^^^^^^^^^^\nsqlalchemy.exc.StatementError: (builtins.AttributeError) type object 'datetime.datetime' has no attribute 'UTC'\n[SQL: INSERT INTO chat_sessions (id, user_id, title, created_at, updated_at) VALUES (?, ?, ?, ?, ?)]\n[parameters: [{'title': 'Test Session', 'user_id': 1, 'id': '542c8a64-753d-4369-9259-b7e38a988c51'}]]"}
INFO     httpx:_client.py:1740 HTTP Request: POST http://test/chat/sessions "HTTP/1.1 500 Internal Server Error"
============================== warnings summary ===============================
..\.venv\Lib\site-packages\langgraph\checkpoint\postgres\__init__.py:26
  D:\Code\KY\.venv\Lib\site-packages\langgraph\checkpoint\postgres\__init__.py:26: DeprecationWarning: You're using incompatible versions of langgraph and checkpoint-postgres. Please upgrade langgraph to avoid unexpected behavior.
    from langgraph.checkpoint.postgres.base import BasePostgresSaver

tests/routes/test_chat.py::test_create_session
  D:\Code\KY\.venv\Lib\site-packages\jose\jwt.py:311: DeprecationWarning: datetime.datetime.utcnow() is deprecated and scheduled for removal in a future version. Use timezone-aware objects to represent datetimes in UTC: datetime.datetime.now(datetime.UTC).
    now = timegm(datetime.utcnow().utctimetuple())

-- Docs: https://docs.pytest.org/en/stable/how-to/capture-warnings.html

---------- coverage: platform win32, python 3.13.1-final-0 -----------
Name                               Stmts   Miss  Cover   Missing
----------------------------------------------------------------
agent\graph.py                       425    396     7%   37-59, 63-73, 76-102, 105-114, 120-150, 153-174, 182-646, 651-683, 694-890, 897-919
agent\prompts.py                      45     21    53%   174-184, 188-202
agent\schemas.py                      34     12    65%   25-44
agent\tools.py                       215    178    17%   49-53, 62-94, 105-145, 150-160, 164-199, 212-215, 226-281, 287-318, 321-337, 340-367, 374-375, 378-408, 412-450
app.py                               228    141    38%   47-54, 84-117, 144, 156-159, 169-188, 191-221, 231-278, 282, 286, 297-322, 334-349, 360-363, 367-369, 377-382, 385
config.py                             50      7    86%   66-72, 81, 89
core\database.py                      11      4    64%   28-32
core\db_adapter.py                   135     66    51%   22, 28, 33, 38, 49-56, 60, 68, 74, 78, 82-85, 88, 91, 102, 106, 110-112, 115, 118, 124, 128, 131, 134, 140, 144, 147, 150, 156, 160, 163, 179, 183-186, 198-212, 220-236
core\security.py                      13      6    54%   18-27
debug_logger.py                       17     17     0%   2-29
logging_config.py                     21      1    95%   47
models\db_connection.py               49     15    69%   48-54, 59, 62-77
models\llm_config.py                  44     10    77%   40-47, 65-71, 75
models\user.py                        24      6    75%   40-42, 47-51
routes\auth.py                        46     16    65%   55-74, 86-100
routes\chat.py                       153     87    43%   102-136, 146-149, 155-185, 193-205, 211-221, 232-255, 264-280, 291-319
routes\connections.py                143     82    43%   65-66, 71-77, 82-89, 95-114, 122-146, 155-165, 174-254
routes\llm_configs.py                178    120    33%   95-97, 103-108, 114-119, 126-134, 142-158, 164-170, 182-428
routes\profile.py                     56     24    57%   53-140
run_migration.py                      28     28     0%   6-51
tests\conftest.py                     54      1    98%   53
tests\mocks.py                         7      7     0%   1-13
tests\routes\test_chat.py             53     34    36%   15-18, 25-34, 41-58, 65-74, 81-92
tests\test_agent_factory_mock.py     148    148     0%   1-306
tests\test_app_compatibility.py       69     69     0%   1-144
tests\test_config_imports.py          10     10     0%   1-18
tests\test_data_integrity.py          47     47     0%   1-193
tests\test_db_adapter.py              35     35     0%   1-55
tests\test_engine_cache.py           111    111     0%   1-206
tests\test_global_exception.py        24     24     0%   2-38
tests\test_schema_validation.py       53     53     0%   1-122
tests\test_stream_exception.py        53     53     0%   1-92
tests\test_tools.py                   70     70     0%   5-125
utils\agent_factory.py                55     37    33%   33-105, 115-121
utils\encryption.py                   39     15    62%   38, 67-70, 82-89, 106, 119, 132, 145
utils\engine_cache.py                 92     67    27%   26-28, 36-49, 54-57, 65-86, 91-97, 103-147, 152-161
utils\jwt_auth.py                     47     17    64%   41, 67-68, 91, 96-97, 111-124
----------------------------------------------------------------
TOTAL                               2959   2035    31%

8 files skipped due to complete coverage.
Coverage HTML written to dir htmlcov
Coverage XML written to file coverage.xml

Required test coverage of 30% reached. Total coverage: 31.23%
=========================== short test summary info ===========================
FAILED tests/routes/test_chat.py::test_create_session - assert 500 == 201
======================== 1 failed, 2 warnings in 1.50s ========================
